[32m2026-03-23 19:15:22 +0000[0m - dagster - [34mDEBUG[0m - __ASSET_JOB - 497be6a3-74e6-435f-b311-e1c3638c4150 - 41269 - LOGS_CAPTURED - Started capturing logs in process (pid: 41269).
[32m2026-03-23 19:15:22 +0000[0m - dagster - [34mDEBUG[0m - __ASSET_JOB - 497be6a3-74e6-435f-b311-e1c3638c4150 - 41269 - backtest_t20_model - STEP_START - Started execution of step "backtest_t20_model".
[32m2026-03-23 19:16:09 +0000[0m - dagster - [34mERROR[0m - [31m__ASSET_JOB - 497be6a3-74e6-435f-b311-e1c3638c4150 - 41269 - backtest_t20_model - STEP_FAILURE - Execution of step "backtest_t20_model" failed.

dagster._core.errors.DagsterExecutionInterruptedError

Stack Trace:
  File "/Users/arjunprakashrao/Drive/projects/Willow-MC/.venv/lib/python3.12/site-packages/dagster/_core/execution/plan/execute_plan.py", line 247, in dagster_event_sequence_for_step
    yield from check.generator(step_events)
  File "/Users/arjunprakashrao/Drive/projects/Willow-MC/.venv/lib/python3.12/site-packages/dagster/_core/execution/plan/execute_step.py", line 505, in core_dagster_event_sequence_for_step
    for user_event in _step_output_error_checked_user_event_sequence(
                      ^^^^^^^^^^^^^^^^^^^^^^^^^^^^^^^^^^^^^^^^^^^^^^^
  File "/Users/arjunprakashrao/Drive/projects/Willow-MC/.venv/lib/python3.12/site-packages/dagster/_core/execution/plan/execute_step.py", line 184, in _step_output_error_checked_user_event_sequence
    for user_event in user_event_sequence:
                      ^^^^^^^^^^^^^^^^^^^
  File "/Users/arjunprakashrao/Drive/projects/Willow-MC/.venv/lib/python3.12/site-packages/dagster/_core/execution/plan/execute_step.py", line 88, in _process_asset_results_to_events
    for user_event in user_event_sequence:
                      ^^^^^^^^^^^^^^^^^^^
  File "/Users/arjunprakashrao/Drive/projects/Willow-MC/.venv/lib/python3.12/site-packages/dagster/_core/execution/plan/compute.py", line 188, in execute_core_compute
    for step_output in _yield_compute_results(step_context, inputs, compute_fn, compute_context):
                       ^^^^^^^^^^^^^^^^^^^^^^^^^^^^^^^^^^^^^^^^^^^^^^^^^^^^^^^^^^^^^^^^^^^^^^^^^
  File "/Users/arjunprakashrao/Drive/projects/Willow-MC/.venv/lib/python3.12/site-packages/dagster/_core/execution/plan/compute.py", line 157, in _yield_compute_results
    for event in iterate_with_context(
                 ^^^^^^^^^^^^^^^^^^^^^
  File "/Users/arjunprakashrao/Drive/projects/Willow-MC/.venv/lib/python3.12/site-packages/dagster/_utils/__init__.py", line 394, in iterate_with_context
    next_output = next(iterator)
                  ^^^^^^^^^^^^^^
  File "/Users/arjunprakashrao/Drive/projects/Willow-MC/.venv/lib/python3.12/site-packages/dagster/_core/execution/plan/compute_generator.py", line 135, in _coerce_op_compute_fn_to_iterator
    result = invoke_compute_fn(
             ^^^^^^^^^^^^^^^^^^
  File "/Users/arjunprakashrao/Drive/projects/Willow-MC/.venv/lib/python3.12/site-packages/dagster/_core/execution/plan/compute_generator.py", line 115, in invoke_compute_fn
    return fn(context, **args_to_pass) if context_arg_provided else fn(**args_to_pass)
           ^^^^^^^^^^^^^^^^^^^^^^^^^^^
  File "/Users/arjunprakashrao/Drive/projects/Willow-MC/orchestrator/assets/backtesting.py", line 97, in backtest_t20_model
    matches = select_matches_for_backtest(duckdb, n_matches=1000)
              ^^^^^^^^^^^^^^^^^^^^^^^^^^^^^^^^^^^^^^^^^^^^^^^^^^^
  File "/Users/arjunprakashrao/Drive/projects/Willow-MC/orchestrator/assets/backtesting.py", line 81, in select_matches_for_backtest
    with duckdb.get_connection() as conn:
         ^^^^^^^^^^^^^^^^^^^^^^^
  File "/Users/arjunprakashrao/.local/share/uv/python/cpython-3.12.11-macos-aarch64-none/lib/python3.12/contextlib.py", line 137, in __enter__
    return next(self.gen)
           ^^^^^^^^^^^^^^
  File "/Users/arjunprakashrao/Drive/projects/Willow-MC/.venv/lib/python3.12/site-packages/dagster_duckdb/resource.py", line 62, in get_connection
    conn = backoff(
           ^^^^^^^^
  File "/Users/arjunprakashrao/Drive/projects/Willow-MC/.venv/lib/python3.12/site-packages/dagster/_utils/backoff.py", line 66, in backoff
    time.sleep(next(delay_generator))
  File "/Users/arjunprakashrao/Drive/projects/Willow-MC/.venv/lib/python3.12/site-packages/dagster/_utils/interrupts.py", line 81, in _new_signal_handler
    raise error_cls()
[0m
